[2026-03-25T09:23:53.639Z] GET https://docs.pangolinfo.com/cn-api-reference/amazonReviewApi/submit → pending (?ms, ?B)
[2026-03-25T09:23:55.220Z] GET https://docs.pangolinfo.com/cn-index → pending (?ms, ?B)
[2026-03-25T09:23:56.276Z] GET https://cdn.jsdelivr.net/npm/katex@0.16.0/dist/katex.min.css → pending (?ms, ?B)
[2026-03-25T09:23:56.276Z] GET https://docs.pangolinfo.com/_next/static/media/a34f9d1faa5f3315-s.p.woff2 → pending (?ms, ?B)
[2026-03-25T09:23:56.276Z] GET https://docs.pangolinfo.com/_next/static/media/bb3ef058b751a6ad-s.p.woff2 → pending (?ms, ?B)
[2026-03-25T09:23:56.278Z] GET https://docs.pangolinfo.com/_next/static/css/18b8c9bb147dc158.css → pending (?ms, ?B)
[2026-03-25T09:23:56.278Z] GET https://docs.pangolinfo.com/_next/static/css/8c76fb7d3768dfe7.css → pending (?ms, ?B)
[2026-03-25T09:23:56.278Z] GET https://docs.pangolinfo.com/_next/static/chunks/webpack-262e7a9bf8f963a8.js → pending (?ms, ?B)
[2026-03-25T09:23:56.278Z] GET https://docs.pangolinfo.com/_next/static/chunks/framework-822fcadcf2c4b2cf.js → pending (?ms, ?B)
[2026-03-25T09:23:56.278Z] GET https://docs.pangolinfo.com/_next/static/chunks/main-3381dd1f2942b455.js → pending (?ms, ?B)
[2026-03-25T09:23:56.278Z] GET https://docs.pangolinfo.com/_next/static/chunks/pages/_app-7ef52ed31f9a3333.js → pending (?ms, ?B)
[2026-03-25T09:23:56.278Z] GET https://docs.pangolinfo.com/_next/static/chunks/2edb282b-a83f7ffd007bccf0.js → pending (?ms, ?B)
[2026-03-25T09:23:56.278Z] GET https://docs.pangolinfo.com/_next/static/chunks/e893f787-f6a1094a35763a0d.js → pending (?ms, ?B)
[2026-03-25T09:23:56.278Z] GET https://docs.pangolinfo.com/_next/static/chunks/086d643d-6f7196a364073d16.js → pending (?ms, ?B)
[2026-03-25T09:23:56.278Z] GET https://docs.pangolinfo.com/_next/static/chunks/9498-3d5f4dcd260f14f4.js → pending (?ms, ?B)
[2026-03-25T09:23:56.278Z] GET https://docs.pangolinfo.com/_next/static/chunks/5094-367d16afbf96e822.js → pending (?ms, ?B)
[2026-03-25T09:23:56.278Z] GET https://docs.pangolinfo.com/_next/static/chunks/9099-78f323d98042bc2d.js → pending (?ms, ?B)
[2026-03-25T09:23:56.278Z] GET https://docs.pangolinfo.com/_next/static/chunks/474-bea895cab98fc952.js → pending (?ms, ?B)
[2026-03-25T09:23:56.278Z] GET https://docs.pangolinfo.com/_next/static/chunks/pages/%5B%5B...slug%5D%5D-bcda8d96521f4018.js → pending (?ms, ?B)
[2026-03-25T09:23:56.278Z] GET https://docs.pangolinfo.com/_next/static/Xye1DQtcY9CHOZl-u_OiJ/_buildManifest.js → pending (?ms, ?B)
[2026-03-25T09:23:56.279Z] GET https://docs.pangolinfo.com/_next/static/Xye1DQtcY9CHOZl-u_OiJ/_ssgManifest.js → pending (?ms, ?B)
[2026-03-25T09:23:56.279Z] GET https://docs.pangolinfo.com/logo_black.webp → pending (?ms, ?B)
[2026-03-25T09:23:56.279Z] GET https://docs.pangolinfo.com/logo_white.webp → pending (?ms, ?B)
[2026-03-25T09:23:56.279Z] GET https://purecatamphetamine.github.io/country-flag-icons/1x1/CN.svg → pending (?ms, ?B)
[2026-03-25T09:23:56.348Z] GET https://static.cloudflareinsights.com/beacon.min.js/v8c78df7c7c0f484497ecbca7046644da1771523124516 → pending (?ms, ?B)
[2026-03-25T09:23:58.515Z] GET https://cdn.lr-in-prod.com/logger-1.min.js → pending (?ms, ?B)
[2026-03-25T09:23:58.676Z] GET https://docs.pangolinfo.com/_next/static/chunks/7413.311a6a05b92dfbb6.js → pending (?ms, ?B)
[2026-03-25T09:23:58.676Z] GET https://www.clarity.ms/tag/uqyhc51a22 → pending (?ms, ?B)
[2026-03-25T09:23:58.677Z] GET https://docs.pangolinfo.com/_next/static/chunks/6106.4eca1e3e1dc87c9b.js → pending (?ms, ?B)
[2026-03-25T09:23:58.677Z] GET https://docs.pangolinfo.com/_next/static/css/8c76fb7d3768dfe7.css → 200 (28ms, 13998B)
[2026-03-25T09:23:58.704Z] GET https://mintlify.b-cdn.net/v6.6.0/solid/play.svg → pending (?ms, ?B)
[2026-03-25T09:23:58.714Z] GET https://mintlify.b-cdn.net/v6.6.0/regular/clone.svg → pending (?ms, ?B)
[2026-03-25T09:23:58.725Z] GET https://docs.pangolinfo.com/_next/data/Xye1DQtcY9CHOZl-u_OiJ/index.json → 200 (410ms, 83B)
[2026-03-25T09:23:58.725Z] GET https://docs.pangolinfo.com/_next/data/Xye1DQtcY9CHOZl-u_OiJ/cn-index.json?slug=cn-index → pending (?ms, ?B)
[2026-03-25T09:23:58.725Z] GET https://docs.pangolinfo.com/_next/data/Xye1DQtcY9CHOZl-u_OiJ/cn-help-center/amz-data-tracker-guide/beginnerGuide.json?slug=cn-help-center&slug=amz-data-tracker-guide&slug=beginnerGuide → pending (?ms, ?B)
[2026-03-25T09:23:58.725Z] GET https://docs.pangolinfo.com/_next/data/Xye1DQtcY9CHOZl-u_OiJ/cn-help-center/amz-billing-subscription/basePlans.json?slug=cn-help-center&slug=amz-billing-subscription&slug=basePlans → pending (?ms, ?B)
[2026-03-25T09:23:58.726Z] GET https://docs.pangolinfo.com/_next/data/Xye1DQtcY9CHOZl-u_OiJ/cn-api-reference/amazonApi/introduction.json?slug=cn-api-reference&slug=amazonApi&slug=introduction → pending (?ms, ?B)
[2026-03-25T09:23:58.726Z] GET https://docs.pangolinfo.com/_next/data/Xye1DQtcY9CHOZl-u_OiJ/cn-api-reference/amazonApi/amazonScrapeAPI.json?slug=cn-api-reference&slug=amazonApi&slug=amazonScrapeAPI → pending (?ms, ?B)
[2026-03-25T09:23:58.726Z] GET https://docs.pangolinfo.com/_next/data/Xye1DQtcY9CHOZl-u_OiJ/cn-api-reference/amazonApi/amazonFollowSellerAPI.json?slug=cn-api-reference&slug=amazonApi&slug=amazonFollowSellerAPI → pending (?ms, ?B)
[2026-03-25T09:23:58.726Z] GET https://docs.pangolinfo.com/_next/data/Xye1DQtcY9CHOZl-u_OiJ/cn-api-reference/amazonApi/amazonAsyncAPI.json?slug=cn-api-reference&slug=amazonApi&slug=amazonAsyncAPI → pending (?ms, ?B)
[2026-03-25T09:23:58.726Z] GET https://docs.pangolinfo.com/_next/data/Xye1DQtcY9CHOZl-u_OiJ/cn-api-reference/universalApi/introduction.json?slug=cn-api-reference&slug=universalApi&slug=introduction → pending (?ms, ?B)
[2026-03-25T09:23:58.726Z] GET https://docs.pangolinfo.com/_next/data/Xye1DQtcY9CHOZl-u_OiJ/cn-api-reference/universalApi/universalApi.json?slug=cn-api-reference&slug=universalApi&slug=universalApi → pending (?ms, ?B)
[2026-03-25T09:23:58.726Z] GET https://docs.pangolinfo.com/_next/data/Xye1DQtcY9CHOZl-u_OiJ/cn-api-reference/serpApi/introduction.json?slug=cn-api-reference&slug=serpApi&slug=introduction → pending (?ms, ?B)
[2026-03-25T09:23:58.726Z] GET https://docs.pangolinfo.com/_next/data/Xye1DQtcY9CHOZl-u_OiJ/cn-api-reference/serpApi/serpAsyncAPI.json?slug=cn-api-reference&slug=serpApi&slug=serpAsyncAPI → pending (?ms, ?B)
[2026-03-25T09:23:58.726Z] GET https://docs.pangolinfo.com/_next/data/Xye1DQtcY9CHOZl-u_OiJ/cn-api-reference/serpApi/serpBatchAsyncAPI.json?slug=cn-api-reference&slug=serpApi&slug=serpBatchAsyncAPI → pending (?ms, ?B)
[2026-03-25T09:23:58.763Z] GET https://www.googletagmanager.com/gtag/js?id=G-05ZC7ECDNX → pending (?ms, ?B)
[2026-03-25T09:23:59.616Z] GET blob:https://docs.pangolinfo.com/e26025fa-9d1b-46b7-a0ed-7a91d5a32265 → 200 (9ms, 400436B)
[2026-03-25T09:23:59.910Z] GET https://scripts.clarity.ms/0.8.57/clarity.js → pending (?ms, ?B)
[2026-03-25T09:24:02.215Z] GET https://docs.pangolinfo.com/cn-index → pending (?ms, ?B)
[2026-03-25T09:24:02.388Z] GET https://docs.pangolinfo.com/socket.io/?EIO=4&transport=polling&t=PqaJk3I → pending (?ms, ?B)
[2026-03-25T09:24:02.593Z] POST https://docs.pangolinfo.com/cdn-cgi/rum? → pending (?ms, ?B)
[2026-03-25T09:24:02.600Z] GET https://cdn.jsdelivr.net/npm/katex@0.16.0/dist/katex.min.css → 200 (1ms, 23112B)
[2026-03-25T09:24:02.601Z] GET https://docs.pangolinfo.com/_next/static/media/a34f9d1faa5f3315-s.p.woff2 → 200 (?ms, ?B)
[2026-03-25T09:24:02.604Z] GET https://docs.pangolinfo.com/_next/static/media/bb3ef058b751a6ad-s.p.woff2 → 200 (?ms, ?B)
[2026-03-25T09:24:02.604Z] GET https://docs.pangolinfo.com/_next/static/css/18b8c9bb147dc158.css → 200 (?ms, 144484B)
[2026-03-25T09:24:02.604Z] GET https://docs.pangolinfo.com/_next/static/css/8c76fb7d3768dfe7.css → 200 (3ms, 13998B)
[2026-03-25T09:24:02.604Z] GET https://docs.pangolinfo.com/_next/static/chunks/webpack-262e7a9bf8f963a8.js → 200 (?ms, 5813B)
[2026-03-25T09:24:02.604Z] GET https://docs.pangolinfo.com/_next/static/chunks/framework-822fcadcf2c4b2cf.js → 200 (?ms, 209489B)
[2026-03-25T09:24:02.604Z] GET https://docs.pangolinfo.com/_next/static/chunks/main-3381dd1f2942b455.js → 200 (?ms, 111903B)
[2026-03-25T09:24:02.605Z] GET https://docs.pangolinfo.com/_next/static/chunks/pages/_app-7ef52ed31f9a3333.js → 200 (?ms, 14243B)
[2026-03-25T09:24:02.605Z] GET https://docs.pangolinfo.com/_next/static/chunks/2edb282b-a83f7ffd007bccf0.js → 200 (?ms, 70070B)
[2026-03-25T09:24:02.605Z] GET https://docs.pangolinfo.com/_next/static/chunks/e893f787-f6a1094a35763a0d.js → 200 (?ms, 325424B)
[2026-03-25T09:24:02.605Z] GET https://docs.pangolinfo.com/_next/static/chunks/086d643d-6f7196a364073d16.js → 200 (?ms, 162967B)
[2026-03-25T09:24:02.605Z] GET https://docs.pangolinfo.com/_next/static/chunks/9498-3d5f4dcd260f14f4.js → 200 (?ms, 1073568B)
[2026-03-25T09:24:02.605Z] GET https://docs.pangolinfo.com/_next/static/chunks/5094-367d16afbf96e822.js → 200 (?ms, 52836B)
[2026-03-25T09:24:02.605Z] GET https://docs.pangolinfo.com/_next/static/chunks/9099-78f323d98042bc2d.js → 200 (1ms, 428498B)
[2026-03-25T09:24:02.606Z] GET https://docs.pangolinfo.com/_next/static/chunks/474-bea895cab98fc952.js → 200 (?ms, 54758B)
[2026-03-25T09:24:02.606Z] GET https://docs.pangolinfo.com/_next/static/chunks/pages/%5B%5B...slug%5D%5D-bcda8d96521f4018.js → 200 (?ms, 743B)
[2026-03-25T09:24:02.606Z] GET https://docs.pangolinfo.com/_next/static/Xye1DQtcY9CHOZl-u_OiJ/_buildManifest.js → 200 (?ms, 2516B)
[2026-03-25T09:24:02.606Z] GET https://docs.pangolinfo.com/_next/static/Xye1DQtcY9CHOZl-u_OiJ/_ssgManifest.js → 200 (?ms, 478B)
[2026-03-25T09:24:02.606Z] GET https://docs.pangolinfo.com/logo_black.webp → 200 (?ms, 28586B)
[2026-03-25T09:24:02.606Z] GET https://docs.pangolinfo.com/logo_white.webp → 200 (1ms, 28526B)
[2026-03-25T09:24:02.607Z] GET https://purecatamphetamine.github.io/country-flag-icons/1x1/CN.svg → 200 (?ms, 606B)
[2026-03-25T09:24:02.607Z] GET https://static.cloudflareinsights.com/beacon.min.js/v8c78df7c7c0f484497ecbca7046644da1771523124516 → 200 (?ms, 31169B)
[2026-03-25T09:24:02.663Z] GET https://cdn.lr-in-prod.com/logger-1.min.js → 200 (1ms, 793280B)
[2026-03-25T09:24:02.721Z] GET blob:https://docs.pangolinfo.com/477c5a73-b79e-4571-b5a4-b91423df3694 → 200 (134ms, 400436B)
[2026-03-25T09:24:02.827Z] GET https://docs.pangolinfo.com/_next/static/chunks/7413.311a6a05b92dfbb6.js → 200 (?ms, 39728B)
[2026-03-25T09:24:02.827Z] GET https://www.clarity.ms/tag/uqyhc51a22 → 200 (209ms, ?B)
[2026-03-25T09:24:02.827Z] GET https://docs.pangolinfo.com/_next/static/chunks/6106.4eca1e3e1dc87c9b.js → 200 (179ms, ?B)
[2026-03-25T09:24:02.827Z] GET https://docs.pangolinfo.com/_next/static/css/8c76fb7d3768dfe7.css → 200 (25ms, ?B)
[2026-03-25T09:24:02.837Z] GET https://docs.pangolinfo.com/socket.io/?EIO=4&transport=polling&t=PqaJkAI → pending (?ms, ?B)
[2026-03-25T09:24:02.837Z] GET https://docs.pangolinfo.com/cn-index → 200 (407ms, 190684B)
[2026-03-25T09:24:02.852Z] GET https://mintlify.b-cdn.net/v6.6.0/solid/play.svg → 200 (?ms, ?B)
[2026-03-25T09:24:02.861Z] GET https://mintlify.b-cdn.net/v6.6.0/regular/clone.svg → 200 (1ms, ?B)
[2026-03-25T09:24:02.869Z] GET https://docs.pangolinfo.com/_next/data/Xye1DQtcY9CHOZl-u_OiJ/index.json → pending (?ms, ?B)
[2026-03-25T09:24:02.869Z] GET https://docs.pangolinfo.com/_next/data/Xye1DQtcY9CHOZl-u_OiJ/cn-index.json?slug=cn-index → pending (?ms, ?B)
[2026-03-25T09:24:02.869Z] GET https://docs.pangolinfo.com/_next/data/Xye1DQtcY9CHOZl-u_OiJ/cn-help-center/amz-data-tracker-guide/beginnerGuide.json?slug=cn-help-center&slug=amz-data-tracker-guide&slug=beginnerGuide → pending (?ms, ?B)
[2026-03-25T09:24:02.870Z] GET https://docs.pangolinfo.com/_next/data/Xye1DQtcY9CHOZl-u_OiJ/cn-help-center/amz-billing-subscription/basePlans.json?slug=cn-help-center&slug=amz-billing-subscription&slug=basePlans → pending (?ms, ?B)
[2026-03-25T09:24:02.870Z] GET https://docs.pangolinfo.com/_next/data/Xye1DQtcY9CHOZl-u_OiJ/cn-api-reference/amazonApi/introduction.json?slug=cn-api-reference&slug=amazonApi&slug=introduction → pending (?ms, ?B)
[2026-03-25T09:24:02.870Z] GET https://docs.pangolinfo.com/_next/data/Xye1DQtcY9CHOZl-u_OiJ/cn-api-reference/amazonApi/amazonScrapeAPI.json?slug=cn-api-reference&slug=amazonApi&slug=amazonScrapeAPI → pending (?ms, ?B)
[2026-03-25T09:24:02.870Z] GET https://docs.pangolinfo.com/_next/data/Xye1DQtcY9CHOZl-u_OiJ/cn-api-reference/amazonApi/amazonFollowSellerAPI.json?slug=cn-api-reference&slug=amazonApi&slug=amazonFollowSellerAPI → pending (?ms, ?B)
[2026-03-25T09:24:02.870Z] GET https://docs.pangolinfo.com/_next/data/Xye1DQtcY9CHOZl-u_OiJ/cn-api-reference/amazonApi/amazonAsyncAPI.json?slug=cn-api-reference&slug=amazonApi&slug=amazonAsyncAPI → pending (?ms, ?B)
[2026-03-25T09:24:02.870Z] GET https://docs.pangolinfo.com/_next/data/Xye1DQtcY9CHOZl-u_OiJ/cn-api-reference/universalApi/introduction.json?slug=cn-api-reference&slug=universalApi&slug=introduction → pending (?ms, ?B)
[2026-03-25T09:24:02.870Z] GET https://docs.pangolinfo.com/_next/data/Xye1DQtcY9CHOZl-u_OiJ/cn-api-reference/universalApi/universalApi.json?slug=cn-api-reference&slug=universalApi&slug=universalApi → pending (?ms, ?B)
[2026-03-25T09:24:02.870Z] GET https://docs.pangolinfo.com/_next/data/Xye1DQtcY9CHOZl-u_OiJ/cn-api-reference/serpApi/introduction.json?slug=cn-api-reference&slug=serpApi&slug=introduction → pending (?ms, ?B)
[2026-03-25T09:24:02.870Z] GET https://docs.pangolinfo.com/_next/data/Xye1DQtcY9CHOZl-u_OiJ/cn-api-reference/serpApi/serpAsyncAPI.json?slug=cn-api-reference&slug=serpApi&slug=serpAsyncAPI → pending (?ms, ?B)
[2026-03-25T09:24:02.870Z] GET https://docs.pangolinfo.com/_next/data/Xye1DQtcY9CHOZl-u_OiJ/cn-api-reference/serpApi/serpBatchAsyncAPI.json?slug=cn-api-reference&slug=serpApi&slug=serpBatchAsyncAPI → pending (?ms, ?B)
[2026-03-25T09:24:02.888Z] GET https://docs.pangolinfo.com/socket.io/?EIO=4&transport=polling&t=PqaJkB6 → pending (?ms, ?B)
[2026-03-25T09:24:02.897Z] GET https://www.googletagmanager.com/gtag/js?id=G-05ZC7ECDNX → pending (?ms, ?B)
[2026-03-25T09:24:03.037Z] GET https://scripts.clarity.ms/0.8.57/clarity.js → pending (?ms, ?B)
[2026-03-25T09:24:03.037Z] GET https://c.clarity.ms/c.gif → pending (?ms, ?B)
[2026-03-25T09:24:03.247Z] POST https://docs.pangolinfo.com/cdn-cgi/rum? → pending (?ms, ?B)
[2026-03-25T09:24:03.253Z] GET https://cdn.jsdelivr.net/npm/katex@0.16.0/dist/katex.min.css → 200 (2ms, 23112B)
[2026-03-25T09:24:03.253Z] GET https://docs.pangolinfo.com/_next/static/media/a34f9d1faa5f3315-s.p.woff2 → 200 (8ms, 48556B)
[2026-03-25T09:24:03.253Z] GET https://docs.pangolinfo.com/_next/static/media/bb3ef058b751a6ad-s.p.woff2 → 200 (8ms, 40480B)
[2026-03-25T09:24:03.253Z] GET https://docs.pangolinfo.com/_next/static/css/18b8c9bb147dc158.css → 200 (3ms, 144484B)
[2026-03-25T09:24:03.253Z] GET https://docs.pangolinfo.com/_next/static/css/8c76fb7d3768dfe7.css → 200 (3ms, 13998B)
[2026-03-25T09:24:03.253Z] GET https://docs.pangolinfo.com/_next/static/chunks/webpack-262e7a9bf8f963a8.js → 200 (19ms, 5813B)
[2026-03-25T09:24:03.253Z] GET https://docs.pangolinfo.com/_next/static/chunks/framework-822fcadcf2c4b2cf.js → 200 (48ms, 209489B)
[2026-03-25T09:24:03.253Z] GET https://docs.pangolinfo.com/_next/static/chunks/main-3381dd1f2942b455.js → 200 (47ms, 111903B)
[2026-03-25T09:24:03.253Z] GET https://docs.pangolinfo.com/_next/static/chunks/pages/_app-7ef52ed31f9a3333.js → 200 (47ms, 14243B)
[2026-03-25T09:24:03.253Z] GET https://docs.pangolinfo.com/_next/static/chunks/2edb282b-a83f7ffd007bccf0.js → 200 (51ms, 70070B)
[2026-03-25T09:24:03.255Z] GET https://docs.pangolinfo.com/_next/static/chunks/e893f787-f6a1094a35763a0d.js → 200 (53ms, 325424B)
[2026-03-25T09:24:03.255Z] GET https://docs.pangolinfo.com/_next/static/chunks/086d643d-6f7196a364073d16.js → 200 (53ms, 162967B)
[2026-03-25T09:24:03.255Z] GET https://docs.pangolinfo.com/_next/static/chunks/9498-3d5f4dcd260f14f4.js → 200 (54ms, 1073568B)
[2026-03-25T09:24:03.255Z] GET https://docs.pangolinfo.com/_next/static/chunks/5094-367d16afbf96e822.js → 200 (50ms, 52836B)
[2026-03-25T09:24:03.255Z] GET https://docs.pangolinfo.com/_next/static/chunks/9099-78f323d98042bc2d.js → 200 (54ms, 428498B)
[2026-03-25T09:24:03.255Z] GET https://docs.pangolinfo.com/_next/static/chunks/474-bea895cab98fc952.js → 200 (52ms, 54758B)
[2026-03-25T09:24:03.255Z] GET https://docs.pangolinfo.com/_next/static/chunks/pages/%5B%5B...slug%5D%5D-bcda8d96521f4018.js → 200 (50ms, 743B)
[2026-03-25T09:24:03.255Z] GET https://docs.pangolinfo.com/_next/static/Xye1DQtcY9CHOZl-u_OiJ/_buildManifest.js → 200 (51ms, 2516B)
[2026-03-25T09:24:03.255Z] GET https://docs.pangolinfo.com/_next/static/Xye1DQtcY9CHOZl-u_OiJ/_ssgManifest.js → 200 (51ms, 478B)
[2026-03-25T09:24:03.255Z] GET https://docs.pangolinfo.com/logo_black.webp → 200 (1ms, 28586B)
[2026-03-25T09:24:03.255Z] GET https://docs.pangolinfo.com/logo_white.webp → 200 (1ms, 28526B)
[2026-03-25T09:24:03.255Z] GET https://purecatamphetamine.github.io/country-flag-icons/1x1/CN.svg → pending (?ms, ?B)
[2026-03-25T09:24:03.255Z] GET https://static.cloudflareinsights.com/beacon.min.js/v8c78df7c7c0f484497ecbca7046644da1771523124516 → 200 (53ms, 31169B)
[2026-03-25T09:24:03.330Z] GET https://cdn.lr-in-prod.com/logger-1.min.js → 200 (51ms, ?B)
[2026-03-25T09:24:03.475Z] GET https://docs.pangolinfo.com/_next/static/chunks/7413.311a6a05b92dfbb6.js → 200 (16ms, 39728B)
[2026-03-25T09:24:03.475Z] GET https://www.clarity.ms/tag/uqyhc51a22 → 200 (220ms, 707B)
[2026-03-25T09:24:03.475Z] GET https://docs.pangolinfo.com/_next/static/chunks/6106.4eca1e3e1dc87c9b.js → 200 (16ms, 4133B)
[2026-03-25T09:24:03.475Z] GET https://docs.pangolinfo.com/_next/static/css/8c76fb7d3768dfe7.css → 200 (26ms, 13998B)
[2026-03-25T09:24:03.483Z] GET blob:https://docs.pangolinfo.com/19184889-785a-4721-b38e-b2033db7228e → 200 (33ms, 400436B)
[2026-03-25T09:24:03.501Z] GET https://mintlify.b-cdn.net/v6.6.0/solid/play.svg → 200 (754ms, 397B)
[2026-03-25T09:24:03.506Z] GET https://docs.pangolinfo.com/socket.io/?EIO=4&transport=polling&t=PqaJkKl → 200 (425ms, 118B)
[2026-03-25T09:24:03.512Z] GET https://mintlify.b-cdn.net/v6.6.0/regular/clone.svg → 200 (737ms, 663B)
[2026-03-25T09:24:03.529Z] GET https://docs.pangolinfo.com/_next/data/Xye1DQtcY9CHOZl-u_OiJ/index.json → 200 (524ms, 83B)
[2026-03-25T09:24:03.529Z] GET https://docs.pangolinfo.com/_next/data/Xye1DQtcY9CHOZl-u_OiJ/cn-index.json?slug=cn-index → 200 (529ms, 112553B)
[2026-03-25T09:24:03.529Z] GET https://docs.pangolinfo.com/_next/data/Xye1DQtcY9CHOZl-u_OiJ/cn-help-center/amz-data-tracker-guide/beginnerGuide.json?slug=cn-help-center&slug=amz-data-tracker-guide&slug=beginnerGuide → 200 (525ms, 82737B)
[2026-03-25T09:24:03.529Z] GET https://docs.pangolinfo.com/_next/data/Xye1DQtcY9CHOZl-u_OiJ/cn-help-center/amz-billing-subscription/basePlans.json?slug=cn-help-center&slug=amz-billing-subscription&slug=basePlans → 200 (531ms, 90605B)
[2026-03-25T09:24:03.529Z] GET https://docs.pangolinfo.com/_next/data/Xye1DQtcY9CHOZl-u_OiJ/cn-api-reference/amazonApi/introduction.json?slug=cn-api-reference&slug=amazonApi&slug=introduction → 200 (536ms, 101173B)
[2026-03-25T09:24:03.529Z] GET https://docs.pangolinfo.com/_next/data/Xye1DQtcY9CHOZl-u_OiJ/cn-api-reference/amazonApi/amazonScrapeAPI.json?slug=cn-api-reference&slug=amazonApi&slug=amazonScrapeAPI → 200 (539ms, 628937B)
[2026-03-25T09:24:03.529Z] GET https://docs.pangolinfo.com/_next/data/Xye1DQtcY9CHOZl-u_OiJ/cn-api-reference/amazonApi/amazonFollowSellerAPI.json?slug=cn-api-reference&slug=amazonApi&slug=amazonFollowSellerAPI → 200 (568ms, 124668B)
[2026-03-25T09:24:03.529Z] GET https://docs.pangolinfo.com/_next/data/Xye1DQtcY9CHOZl-u_OiJ/cn-api-reference/amazonApi/amazonAsyncAPI.json?slug=cn-api-reference&slug=amazonApi&slug=amazonAsyncAPI → 200 (543ms, 164497B)
[2026-03-25T09:24:03.529Z] GET https://docs.pangolinfo.com/_next/data/Xye1DQtcY9CHOZl-u_OiJ/cn-api-reference/universalApi/introduction.json?slug=cn-api-reference&slug=universalApi&slug=introduction → 200 (549ms, 74576B)
[2026-03-25T09:24:03.529Z] GET https://docs.pangolinfo.com/_next/data/Xye1DQtcY9CHOZl-u_OiJ/cn-api-reference/universalApi/universalApi.json?slug=cn-api-reference&slug=universalApi&slug=universalApi → 200 (566ms, 113904B)
[2026-03-25T09:24:03.529Z] GET https://docs.pangolinfo.com/_next/data/Xye1DQtcY9CHOZl-u_OiJ/cn-api-reference/serpApi/introduction.json?slug=cn-api-reference&slug=serpApi&slug=introduction → pending (?ms, ?B)
[2026-03-25T09:24:03.530Z] GET https://docs.pangolinfo.com/_next/data/Xye1DQtcY9CHOZl-u_OiJ/cn-api-reference/serpApi/serpAsyncAPI.json?slug=cn-api-reference&slug=serpApi&slug=serpAsyncAPI → 200 (720ms, 131048B)
[2026-03-25T09:24:03.530Z] GET https://docs.pangolinfo.com/_next/data/Xye1DQtcY9CHOZl-u_OiJ/cn-api-reference/serpApi/serpBatchAsyncAPI.json?slug=cn-api-reference&slug=serpApi&slug=serpBatchAsyncAPI → 200 (565ms, 130616B)
[2026-03-25T09:24:03.544Z] GET https://docs.pangolinfo.com/socket.io/?EIO=4&transport=polling&t=PqaJkLN → 200 (705ms, 118B)
[2026-03-25T09:24:03.554Z] GET https://www.googletagmanager.com/gtag/js?id=G-05ZC7ECDNX → pending (?ms, ?B)
[2026-03-25T09:24:03.695Z] GET https://scripts.clarity.ms/0.8.57/clarity.js → pending (?ms, ?B)
[2026-03-25T09:24:04.249Z] POST https://docs.pangolinfo.com/socket.io/?EIO=4&transport=polling&t=PqaJkWL&sid=xbb2Iaj4rtxa-R9KAHDn → pending (?ms, ?B)
[2026-03-25T09:24:04.249Z] GET https://docs.pangolinfo.com/socket.io/?EIO=4&transport=polling&t=PqaJkWN&sid=xbb2Iaj4rtxa-R9KAHDn → pending (?ms, ?B)
[2026-03-25T09:24:04.599Z] GET https://docs.pangolinfo.com/socket.io/?EIO=4&transport=polling&t=PqaJkbs&sid=xbb2Iaj4rtxa-R9KAHDn → pending (?ms, ?B)
[2026-03-25T09:24:05.810Z] POST https://i.clarity.ms/collect → pending (?ms, ?B)
[2026-03-25T09:24:06.018Z] POST https://www.google-analytics.com/g/collect?v=2&tid=G-05ZC7ECDNX&gtm=45je63n1v9238448056za200zd9238448056&_p=1774430643553&gcd=13l3l3l3l1l1&npa=0&dma=0&cid=299747802.1774430646&ul=zh-cn&sr=1280x720&uaa=x86&uab=64&uafvl=Not%253AA-Brand%3B99.0.0.0%7CHeadlessChrome%3B145.0.7632.6%7CChromium%3B145.0.7632.6&uamb=0&uam=&uap=Windows&uapv=19.0.0&uaw=0&are=1&frm=0&pscdl=noapi&_s=1&tag_exp=103116026~103200004~115938465~115938468~116024733~117484252~118131588~118131810&sid=1774430646&sct=1&seg=0&dl=https%3A%2F%2Fdocs.pangolinfo.com%2Fcn-index&dr=https%3A%2F%2Fdocs.pangolinfo.com%2Fcn-index&dt=Scrape%20API%E4%BD%BF%E7%94%A8%E6%96%87%E6%A1%A3%20-%20%E4%B8%93%E4%B8%9A%E7%94%B5%E5%95%86%E6%95%B0%E6%8D%AE%E9%87%87%E9%9B%86%E8%A7%A3%E5%86%B3%E6%96%B9%E6%A1%88%20%7C%20Pangolin&en=page_view&_fv=1&_nsi=1&_ss=1&_ee=1&tfd=3180 → pending (?ms, ?B)
[2026-03-25T09:24:06.020Z] GET https://c.clarity.ms/c.gif → pending (?ms, ?B)
[2026-03-25T09:24:06.022Z] POST https://docs.pangolinfo.com/cdn-cgi/rum? → 204 (196ms, ?B)
[2026-03-25T09:24:07.030Z] POST https://i.clarity.ms/collect → pending (?ms, ?B)
[2026-03-25T09:25:08.038Z] POST https://i.clarity.ms/collect → pending (?ms, ?B)
[2026-03-25T09:25:19.996Z] GET https://docs.pangolinfo.com/_next/data/Xye1DQtcY9CHOZl-u_OiJ/cn-api-reference/amazonReviewAPI/amazonReviewAPI.json?slug=cn-api-reference&slug=amazonReviewAPI&slug=amazonReviewAPI → pending (?ms, ?B)
[2026-03-25T09:25:21.614Z] HEAD https://docs.pangolinfo.com/_next/data/Xye1DQtcY9CHOZl-u_OiJ/cn-api-reference/amazonReviewAPI/amazonReviewAPI.json?slug=cn-api-reference&slug=amazonReviewAPI&slug=amazonReviewAPI → pending (?ms, 286149B)
[2026-03-25T09:25:21.615Z] POST https://i.clarity.ms/collect → pending (?ms, ?B)
[2026-03-25T09:25:21.672Z] GET https://docs.pangolinfo.com/socket.io/?EIO=4&transport=polling&t=PqaK1Q6 → pending (?ms, ?B)
[2026-03-25T09:25:21.724Z] GET https://docs.pangolinfo.com/_next/data/Xye1DQtcY9CHOZl-u_OiJ/cn-api-reference/trendsApi/introduction.json?slug=cn-api-reference&slug=trendsApi&slug=introduction → pending (?ms, ?B)
[2026-03-25T09:25:21.724Z] GET https://docs.pangolinfo.com/_next/data/Xye1DQtcY9CHOZl-u_OiJ/cn-api-reference/trendsApi/keywordTrendsAPI.json?slug=cn-api-reference&slug=trendsApi&slug=keywordTrendsAPI → pending (?ms, ?B)
[2026-03-25T09:25:21.724Z] GET https://docs.pangolinfo.com/_next/data/Xye1DQtcY9CHOZl-u_OiJ/cn-api-reference/mapDataApi/introduction.json?slug=cn-api-reference&slug=mapDataApi&slug=introduction → pending (?ms, ?B)
[2026-03-25T09:25:21.724Z] GET https://docs.pangolinfo.com/_next/data/Xye1DQtcY9CHOZl-u_OiJ/cn-api-reference/mapDataApi/mapDataAPI.json?slug=cn-api-reference&slug=mapDataApi&slug=mapDataAPI → pending (?ms, ?B)
[2026-03-25T09:25:21.724Z] GET https://docs.pangolinfo.com/_next/data/Xye1DQtcY9CHOZl-u_OiJ/cn-api-reference/mapDataApi/mapDataBatchAPI.json?slug=cn-api-reference&slug=mapDataApi&slug=mapDataBatchAPI → pending (?ms, ?B)
[2026-03-25T09:25:21.724Z] GET https://docs.pangolinfo.com/_next/data/Xye1DQtcY9CHOZl-u_OiJ/cn-api-reference/wipoApi/introduction.json?slug=cn-api-reference&slug=wipoApi&slug=introduction → pending (?ms, ?B)
[2026-03-25T09:25:21.724Z] GET https://docs.pangolinfo.com/_next/data/Xye1DQtcY9CHOZl-u_OiJ/cn-api-reference/wipoApi/wipoAPI.json?slug=cn-api-reference&slug=wipoApi&slug=wipoAPI → pending (?ms, ?B)
[2026-03-25T09:25:21.724Z] GET https://docs.pangolinfo.com/_next/data/Xye1DQtcY9CHOZl-u_OiJ/cn-api-reference/amazonReviewAPI/introduction.json?slug=cn-api-reference&slug=amazonReviewAPI&slug=introduction → pending (?ms, ?B)
[2026-03-25T09:25:21.987Z] POST https://i.clarity.ms/collect → pending (?ms, ?B)
[2026-03-25T09:25:22.050Z] POST https://docs.pangolinfo.com/socket.io/?EIO=4&transport=polling&t=PqaK1W0&sid=DQQG8Sjg0f4emW-9AHDp → pending (?ms, ?B)
[2026-03-25T09:25:22.050Z] GET https://docs.pangolinfo.com/socket.io/?EIO=4&transport=polling&t=PqaK1W1&sid=DQQG8Sjg0f4emW-9AHDp → pending (?ms, ?B)
[2026-03-25T09:25:23.512Z] GET https://docs.pangolinfo.com/socket.io/?EIO=4&transport=polling&t=PqaK1st&sid=DQQG8Sjg0f4emW-9AHDp → pending (?ms, ?B)
[2026-03-25T09:25:27.636Z] POST https://www.google-analytics.com/g/collect?v=2&tid=G-05ZC7ECDNX&gtm=45je63n1v9238448056za200zd9238448056&_p=1774430643553&gcd=13l3l3l3l1l1&npa=0&dma=0&cid=299747802.1774430646&ul=zh-cn&sr=1280x720&uaa=x86&uab=64&uafvl=Not%253AA-Brand%3B99.0.0.0%7CHeadlessChrome%3B145.0.7632.6%7CChromium%3B145.0.7632.6&uamb=0&uam=&uap=Windows&uapv=19.0.0&uaw=0&are=1&frm=0&pscdl=noapi&_eu=AEAAAAQ&_s=2&tag_exp=103116026~103200004~115938465~115938468~116024733~117484252~118131588~118131810&dl=https%3A%2F%2Fdocs.pangolinfo.com%2Fcn-api-reference%2FamazonReviewAPI%2FamazonReviewAPI&dr=https%3A%2F%2Fdocs.pangolinfo.com%2Fcn-index&sid=1774430646&sct=1&seg=1&dt=Amazon%20Review%20API%20-%20Pangolin&en=page_view&_et=76615&tfd=84798 → 204 (173ms, ?B)
[2026-03-25T09:26:22.895Z] POST https://i.clarity.ms/collect → pending (?ms, ?B)
[2026-03-25T09:27:23.922Z] POST https://i.clarity.ms/collect → pending (?ms, ?B)
[2026-03-25T09:28:24.920Z] POST https://i.clarity.ms/collect → pending (?ms, ?B)
[2026-03-25T09:29:25.927Z] POST https://i.clarity.ms/collect → pending (?ms, ?B)
[2026-03-25T09:30:21.921Z] POST https://i.clarity.ms/collect → pending (?ms, ?B)
